[2m19:51:34[22m [34m[vite][39m connected.
[2m19:51:35[22m [34m[types][39m Generated [2m1ms[22m
[2m19:51:35[22m [34m[vite][39m connected.
[2m19:51:36[22m [34m[content][39m Syncing content
[2m19:51:36[22m [34m[content][39m Astro config changed
[2m19:51:36[22m [34m[content][39m Clearing content store
[2m19:51:38[22m [34m[content][39m Synced content
[2m19:51:38[22m [34m[vite][39m Re-optimizing dependencies because vite config has changed
[42m[1m astro [22m[49m [32mv7.2.0[39m [2mready in[22m 5645 [2mms[22m
[2m┃[22m Local    [36mhttp://localhost:4324/[39m
[2m┃[22m Network  [36mhttp://192.168.0.13:4324/[39m
[2m19:51:38[22m [32mwatching for file changes...[39m
[2m19:59:23[22m Configuration file updated. Restarting...
[2m19:59:23[22m [34m[vite][39m connected.
[2m19:59:25[22m [34m[vite][39m connected.
[2m19:59:25[22m [34m[vite][39m Re-optimizing dependencies because vite config has changed
[2m19:59:25[22m [34m[vite][39m server restarted.
[2m19:59:27[22m Configuration file updated. Restarting...
[2m19:59:27[22m [34m[vite][39m connected.
[2m19:59:29[22m [34m[vite][39m connected.
[2m19:59:29[22m [34m[vite][39m Re-optimizing dependencies because vite config has changed
[2m19:59:29[22m [34m[vite][39m server restarted.
[2m20:01:18[22m [34m[200][39m / [2m120ms[22m
[2m20:12:25[22m [33m[404][39m /terms [2m35ms[22m
[2m20:12:25[22m [34m[200][39m / [2m9ms[22m
